[html.design/demo/norrig/index.html]
[html.design/detroitchicago/boise.js]
[html.design/detroitchicago/boise420f.js]
[html.design/detroitchicago/memphis.js]
[html.design/detroitchicago/memphisf5cf.js]
[html.design/detroitchicago/minneapolis.js]
[html.design/detroitchicago/minneapolis453e.js]
[html.design/detroitchicago/rochester.js]
[html.design/detroitchicago/rochester9620.js]
[html.design/detroitchicago/raleigh.js]
[html.design/detroitchicago/raleigh2693.js]
[html.design/detroitchicago/tampa.js]
[html.design/detroitchicago/tampa45f7.js]
[html.design/detroitchicago/tulsa.js]
[html.design/detroitchicago/tulsa1fee.js]
[backblue.gif]
[fade.gif]
[index.html]
[html.design/demo/norrig/images/favicon.png]
[html.design/demo/norrig/css/bootstrap.css]
[cdnjs.cloudflare.com/ajax/libs/OwlCarousel2/2.3.4/assets/owl.carousel.min.css]
[html.design/demo/norrig/css/style.css]
[html.design/demo/norrig/css/responsive.css]
[html.design/demo/norrig/about.html]
[html.design/demo/norrig/service.html]
[html.design/demo/norrig/contact.html]
[html.design/demo/norrig/images/slider-img.png]
[html.design/demo/norrig/images/about-img.png]
[html.design/demo/norrig/images/fresh-img.png]
[html.design/demo/norrig/images/c1.jpg]
[html.design/demo/norrig/images/c2.jpg]
[html.design/demo/norrig/images/c3.jpg]
[html.design/cdn-cgi/scripts/5c5dd728/cloudflare-static/email-decode.min.js]
[html.design/demo/norrig/js/jquery-3.4.1.min.js]
[html.design/demo/norrig/js/bootstrap.js]
[cdnjs.cloudflare.com/ajax/libs/OwlCarousel2/2.3.4/owl.carousel.min.js]
[html.design/demo/norrig/js/custom.js]
[html.design/tardisrocinante/vitals.js]
[html.design/tardisrocinante/vitals5038.js]
[html.design/demo/norrig/audins.js]
[go.ezoic.net/detroitchicago/audins0d9f.js]
[pixel.quantserve.com/pixel/p-31iz6hfFutd16d537.gif]
[html.design/beardeddragon/drake.js]
[html.design/beardeddragon/drake6190.js]
[html.design/demo/norrig/index.html]
[html.design/demo/norrig/about.html]
[html.design/demo/norrig/service.html]
[html.design/demo/norrig/contact.html]
[html.design/detroitchicago/raleigh.js]
[html.design/detroitchicago/tampa45f7.js]
[html.design/detroitchicago/tulsa1fee.js]
[html.design/demo/norrig/images/favicon.png]
[html.design/demo/norrig/images/about-img.png]
[html.design/demo/norrig/images/slider-img.png]
[html.design/demo/norrig/images/fresh-img.png]
[html.design/demo/norrig/images/c1.jpg]
[html.design/demo/norrig/images/c2.jpg]
[html.design/cdn-cgi/scripts/5c5dd728/cloudflare-static/email-decode.min.js]
[html.design/demo/norrig/images/c3.jpg]
[html.design/demo/norrig/js/jquery-3.4.1.min.js]
[html.design/demo/norrig/js/bootstrap.js]
[html.design/demo/norrig/js/custom.js]
[pixel.quantserve.com/pixel/p-31iz6hfFutd16d537.gif]
[cdnjs.cloudflare.com/ajax/libs/OwlCarousel2/2.3.4/owl.carousel.min.js]
[html.design/demo/norrig/css/bootstrap.css]
[cdnjs.cloudflare.com/ajax/libs/OwlCarousel2/2.3.4/assets/owl.carousel.min.css]
[cdnjs.cloudflare.com/ajax/libs/OwlCarousel2/2.3.4/assets/owl.video.play.png]
[html.design/demo/norrig/css/font-awesome.min.css]
[html.design/demo/norrig/images/search-icon.png]
[html.design/demo/norrig/images/menu.png]
[html.design/demo/norrig/css/style.css]
[html.design/demo/norrig/css/responsive.css]
[html.design/demo/norrig/audins.html]
[html.design/demo/norrig/images/search-icon.png]
[html.design/demo/norrig/fonts/fontawesome-webfont.2f3e6e.delayed]
[html.design/demo/norrig/fonts/fontawesome-webfontd41d.eot]
[html.design/demo/norrig/fonts/fontawesome-webfont3e6e.woff2]
[html.design/demo/norrig/fonts/fontawesome-webfont3e6e.woff]
[html.design/demo/norrig/fonts/fontawesome-webfont3e6e.ttf]
[html.design/demo/norrig/fonts/fontawesome-webfont3e6e.woff]
[html.design/demo/norrig/fonts/fontawesome-webfont3e6e.ttf]
[html.design/demo/norrig/fonts/fontawesome-webfont3e6e.svg]
[html.design/demo/norrig/css/font-awesome.min.css]
[html.design/demo/norrig/images/menu.html]
[html.design/detroitchicago/grapefruit.html]
[html.design/porpoiseant/army.html]
[html.design/demo/norrig/fonts/fontawesome-webfont3e6e.html]
[html.design/demo/norrig/fonts/fontawesome-webfontd41d.html]
[html.design/demo/norrig/fonts/fontawesome-webfont3e6e-2.html]
